2026-05-04 04:22:44,893 DEBUG [root]: found "184" html file(s)
2026-05-04 04:22:45,101 DEBUG [root]: Overview, Code documentation for <a href="https://codeberg.org/Starfish/TinyWeatherForecastGermany" title="source code repository">TinyWeatherForecastGermany</a> (TWFG) android app<br><small>© 2020-2026 Pawel Dube (<a href="https://codeberg.org/Starfish">@Starfish</a>) - License <a href="https://codeberg.org/Starfish/TinyWeatherForecastGermany/src/branch/master/COPYING">GPLv3</a></small><br><div id="subHeader">Tiny Weather Forecast Germany is a open source android <b>weather</b> forecast app using <a href="https://opendata.dwd.de">open data</a> provided by <b>Deutscher Wetterdienst</b> (DWD) the German national weather agency. <br>This documentation has been automatically generated by a script created by Jean-Luc Tibaux (<a href="https://codeberg.org/eUgEntOptIc44">@eUgEntOptIc44</a>) using <a href="https://www.oracle.com/java/technologies/javase/javadoc.html">javadoc</a>.<br>The UML diagrams are created using <a href="https://gitlab.com/graphviz/graphviz">graphviz</a> via <a href="https://plantuml.com/">PlantUML</a> integrated in <a href="https://github.com/talsma-ict/umldoclet" title="umldoclet by Talsma ICT -> Apache License">umldoclet</a>. </div>
2026-05-04 04:22:45,116 DEBUG [root]: Overview, Code documentation for TinyWeatherForecastGermany (TWFG) android app© 2020-2026 Pawel Dube (@Starfish) - License GPLv3Tiny Weather Forecast Germany is a open source android weather forecast app using open data provided by Deutscher Wetterdienst (DWD) the German national weather agency. This documentation has been automatically generated by a script created by Jean-Luc Tibaux (@eUgEntOptIc44) using javadoc.The UML diagrams are created using graphviz via PlantUML integrated in  Apache License>umldoclet. ,
2026-05-04 04:22:58,374 DEBUG [root]: found 2 css files
2026-05-04 04:22:58,374 DEBUG [root]: found 10 js files
2026-05-04 04:22:58,374 DEBUG [root]: found 186 html files
2026-05-04 04:22:58,507 DEBUG [root]: processing '/builds/tinyweatherforecastgermanygroup/twfg-javadoc/TinyWeatherForecastGermany/../public/javadoc-styles.css' ...
2026-05-04 04:22:58,516 ERROR [CSSUTILS]: Selector: Single selector only. [147:8: ,]
2026-05-04 04:22:58,516 ERROR [CSSUTILS]: Selector: Single selector only. [147:12: ,]
2026-05-04 04:22:58,516 ERROR [CSSUTILS]: Selector: Single selector only. [147:16: ,]
2026-05-04 04:22:58,516 ERROR [CSSUTILS]: Selector: Single selector only. [147:20: ,]
2026-05-04 04:22:58,516 ERROR [CSSUTILS]: Selector: Single selector only. [147:24: ,]
2026-05-04 04:22:58,516 ERROR [CSSUTILS]: SelectorList: Invalid Selector: :not(h1, h2, h3, h4, h5, h6)>code
2026-05-04 04:22:58,516 ERROR [CSSUTILS]: Selector: Single selector only. [148:8: ,]
2026-05-04 04:22:58,517 ERROR [CSSUTILS]: Selector: Single selector only. [148:12: ,]
2026-05-04 04:22:58,517 ERROR [CSSUTILS]: Selector: Single selector only. [148:16: ,]
2026-05-04 04:22:58,517 ERROR [CSSUTILS]: Selector: Single selector only. [148:20: ,]
2026-05-04 04:22:58,517 ERROR [CSSUTILS]: Selector: Single selector only. [148:24: ,]
2026-05-04 04:22:58,517 ERROR [CSSUTILS]: SelectorList: Invalid Selector: 
:not(h1, h2, h3, h4, h5, h6)>tt 
2026-05-04 04:22:58,753 DEBUG [root]: found "10" js file(s)
2026-05-04 04:22:58,777 DEBUG [root]: ignored '/builds/tinyweatherforecastgermanygroup/twfg-javadoc/TinyWeatherForecastGermany/../public/script-dir/jquery-3.7.1.min.js' -> already minified
2026-05-04 04:22:58,782 DEBUG [root]: ignored '/builds/tinyweatherforecastgermanygroup/twfg-javadoc/TinyWeatherForecastGermany/../public/script-dir/jquery-ui.min.js' -> already minified
2026-05-04 04:22:58,826 DEBUG [root]: found "2" css file(s)
2026-05-04 04:22:58,826 DEBUG [root]: ignored '/builds/tinyweatherforecastgermanygroup/twfg-javadoc/TinyWeatherForecastGermany/../public/script-dir/jquery-ui.min.css' -> already minified
